]0;~[?2004h]0;alan@serenity-x: ~[01;32malan@serenity-x[00m:[01;34m~[00m$ [K]0;alan@serenity-x: ~[01;32malan@serenity-x[00m:[01;34m~[00m$ [K]0;alan@serenity-x: ~[01;32malan@serenity-x[00m:[01;34m~[00m$    }
]0;~[?2004h]0;alan@serenity-x: ~[01;32malan@serenity-x[00m:[01;34m~[00m$    }
[?2004lbash: syntax error near unexpected token `}'
]0;~[?2004h]0;alan@serenity-x: ~[01;32malan@serenity-x[00m:[01;34m~[00m$ cd utfpr
[?2004l]0;~/utfpr[?2004h]0;alan@serenity-x: ~/utfpr[01;32malan@serenity-x[00m:[01;34m~/utfpr[00m$ ls
[?2004l[0m[01;34m01_intro_ia[0m  [01;34m03_rna[0m  [01;34m04_estatistica[0m  [01;34mdata[0m  [01;34mprojetos_utfpr[0m  README.md  [01;34mvenv01_utfpr[0m
]0;~/utfpr[?2004h]0;alan@serenity-x: ~/utfpr[01;32malan@serenity-x[00m:[01;34m~/utfpr[00m$ gist[K[Kt status
[?2004lOn branch master
Your branch is up to date with 'origin/master'.

Untracked files:
  (use "git add <file>..." to include in what will be committed)
	[31m04_estatistica/ex_possibilidades_2.R[m
	[31m04_estatistica/ex_venndiagram_3.R[m

nothing added to commit but untracked files present (use "git add" to track)
]0;~/utfpr[?2004h]0;alan@serenity-x: ~/utfpr[01;32malan@serenity-x[00m:[01;34m~/utfpr[00m$ git add . 
[?2004l]0;~/utfpr[?2004h]0;alan@serenity-x: ~/utfpr[01;32malan@serenity-x[00m:[01;34m~/utfpr[00m$ gitgp [K[K[K comme[Kit -, [K[Km "Possb[Kibilidades e diagram [Ka de Venn"
[?2004l[master 05eb2257] Possibilidades e diagrama de Venn
 2 files changed, 39 insertions(+)
 create mode 100644 04_estatistica/ex_possibilidades_2.R
 create mode 100644 04_estatistica/ex_venndiagram_3.R
]0;~/utfpr[?2004h]0;alan@serenity-x: ~/utfpr[01;32malan@serenity-x[00m:[01;34m~/utfpr[00m$ git push origin master
[?2004lEnumerating objects: 7, done.
Counting objects:  14% (1/7)Counting objects:  28% (2/7)Counting objects:  42% (3/7)Counting objects:  57% (4/7)Counting objects:  71% (5/7)Counting objects:  85% (6/7)Counting objects: 100% (7/7)Counting objects: 100% (7/7), done.
Delta compression using up to 16 threads
Compressing objects:  20% (1/5)Compressing objects:  40% (2/5)Compressing objects:  60% (3/5)Compressing objects:  80% (4/5)Compressing objects: 100% (5/5)Compressing objects: 100% (5/5), done.
Writing objects:  20% (1/5)Writing objects:  40% (2/5)Writing objects:  60% (3/5)Writing objects:  80% (4/5)Writing objects: 100% (5/5)Writing objects: 100% (5/5), 831 bytes | 831.00 KiB/s, done.
Total 5 (delta 2), reused 0 (delta 0), pack-reused 0
remote: Resolving deltas:   0% (0/2)[Kremote: Resolving deltas:  50% (1/2)[Kremote: Resolving deltas: 100% (2/2)[Kremote: Resolving deltas: 100% (2/2), completed with 2 local objects.[K
To github.com:alansantosmg/utfpr.git
   dc8866c2..05eb2257  master -> master
]0;~/utfpr[?2004h]0;alan@serenity-x: ~/utfpr[01;32malan@serenity-x[00m:[01;34m~/utfpr[00m$ git pull
[?2004lAlready up to date.
]0;~/utfpr[?2004h]0;alan@serenity-x: ~/utfpr[01;32malan@serenity-x[00m:[01;34m~/utfpr[00m$ l[Kls 
[?2004l[0m[01;34m01_intro_ia[0m  [01;34m03_rna[0m  [01;34m04_estatistica[0m  [01;34mdata[0m  [01;34mprojetos_utfpr[0m  README.md  [01;34mvenv01_utfpr[0m
]0;~/utfpr[?2004h]0;alan@serenity-x: ~/utfpr[01;32malan@serenity-x[00m:[01;34m~/utfpr[00m$ [K]0;alan@serenity-x: ~/utfpr[01;32malan@serenity-x[00m:[01;34m~/utfpr[00m$ ls -l
[?2004ltotal 24
drwxrwxr-x 3 alan alan 4096 Nov  3 18:12 [0m[01;34m01_intro_ia[0m
drwxrwxr-x 2 alan alan 4096 Nov  3 18:40 [01;34m03_rna[0m
drwxrwxr-x 4 alan alan 4096 Dec  8 09:02 [01;34m04_estatistica[0m
drwxrwxr-x 2 alan alan 4096 Oct 23 15:40 [01;34mdata[0m
drwxrwxr-x 2 alan alan 4096 Nov  3 18:03 [01;34mprojetos_utfpr[0m
-rw-rw-r-- 1 alan alan    0 Oct 23 01:33 README.md
drwxrwxr-x 7 alan alan 4096 Oct 23 15:38 [01;34mvenv01_utfpr[0m
]0;~/utfpr[?2004h]0;alan@serenity-x: ~/utfpr[01;32malan@serenity-x[00m:[01;34m~/utfpr[00m$ git add .
[?2004l]0;~/utfpr[?2004h]0;alan@serenity-x: ~/utfpr[01;32malan@serenity-x[00m:[01;34m~/utfpr[00m$ git status
[?2004lOn branch master
Your branch is up to date with 'origin/master'.

Changes to be committed:
  (use "git restore --staged <file>..." to unstage)
	[32mnew file:   04_estatistica/ex_probabilidade_condicional_3.R[m

]0;~/utfpr[?2004h]0;alan@serenity-x: ~/utfpr[01;32malan@serenity-x[00m:[01;34m~/utfpr[00m$ c[Kgit commit -m "probabilidade condicional"
[?2004l[master 64b2f4b0] probabilidade condicional
 1 file changed, 60 insertions(+)
 create mode 100644 04_estatistica/ex_probabilidade_condicional_3.R
]0;~/utfpr[?2004h]0;alan@serenity-x: ~/utfpr[01;32malan@serenity-x[00m:[01;34m~/utfpr[00m$ git push orgi[K[Kigin master
[?2004lEnumerating objects: 6, done.
Counting objects:  16% (1/6)Counting objects:  33% (2/6)Counting objects:  50% (3/6)Counting objects:  66% (4/6)Counting objects:  83% (5/6)Counting objects: 100% (6/6)Counting objects: 100% (6/6), done.
Delta compression using up to 16 threads
Compressing objects:  25% (1/4)Compressing objects:  50% (2/4)Compressing objects:  75% (3/4)Compressing objects: 100% (4/4)Compressing objects: 100% (4/4), done.
Writing objects:  25% (1/4)Writing objects:  50% (2/4)Writing objects:  75% (3/4)Writing objects: 100% (4/4)Writing objects: 100% (4/4), 905 bytes | 905.00 KiB/s, done.
Total 4 (delta 2), reused 0 (delta 0), pack-reused 0
remote: Resolving deltas:   0% (0/2)[Kremote: Resolving deltas:  50% (1/2)[Kremote: Resolving deltas: 100% (2/2)[Kremote: Resolving deltas: 100% (2/2), completed with 2 local objects.[K
To github.com:alansantosmg/utfpr.git
   05eb2257..64b2f4b0  master -> master
]0;~/utfpr[?2004h]0;alan@serenity-x: ~/utfpr[01;32malan@serenity-x[00m:[01;34m~/utfpr[00m$ git tec[K[K[Kfetch
[?2004l]0;~/utfpr[?2004h]0;alan@serenity-x: ~/utfpr[01;32malan@serenity-x[00m:[01;34m~/utfpr[00m$ gist [K[K[Kt status
[?2004lOn branch master
Your branch is up to date with 'origin/master'.

nothing to commit, working tree clean
]0;~/utfpr[?2004h]0;alan@serenity-x: ~/utfpr[01;32malan@serenity-x[00m:[01;34m~/utfpr[00m$ git pull origin master
[?2004lFrom github.com:alansantosmg/utfpr
 * branch              master     -> FETCH_HEAD
Already up to date.
]0;~/utfpr[?2004h]0;alan@serenity-x: ~/utfpr[01;32malan@serenity-x[00m:[01;34m~/utfpr[00m$ ls 
[?2004l[0m[01;34m01_intro_ia[0m  [01;34m03_rna[0m  [01;34m04_estatistica[0m  [01;34mdata[0m  [01;34mprojetos_utfpr[0m  README.md  [01;34mvenv01_utfpr[0m
]0;~/utfpr[?2004h]0;alan@serenity-x: ~/utfpr[01;32malan@serenity-x[00m:[01;34m~/utfpr[00m$ 